exports[`test renders correctly 1`] = `
<a
  href="#"
  onClick={[Function]}
  to="/foo">
  Foo
</a>
`;
